250601 06:51:41 mysqld_safe Starting mariadbd daemon with databases from /config/databases
2025-06-01  6:51:41 0 [Note] Starting MariaDB 11.4.5-MariaDB-log source revision 0771110266ff5c04216af4bf1243c65f8c67ccf4 server_uid CsDeYPHRtZKifj1ZoLNHdgvpqhQ= as process 4912025-06-01  6:51:41 0 [Warning] Setting lower_case_table_names=2 because file system for /config/databases/ is case insensitive

2025-06-01  6:51:41 0 [Note] InnoDB: Compressed tables use zlib 1.3.1
2025-06-01  6:51:41 0 [Note] InnoDB: Number of transaction pools: 1
2025-06-01  6:51:41 0 [Note] InnoDB: Using crc32 + pclmulqdq instructions
2025-06-01  6:51:41 0 [Note] mariadbd: O_TMPFILE is not supported on /tmp (disabling future attempts)
2025-06-01  6:51:41 0 [Note] InnoDB: Using Linux native AIO
2025-06-01  6:51:41 0 [Note] InnoDB: Initializing buffer pool, total size = 256.000MiB, chunk size = 4.000MiB
2025-06-01  6:51:41 0 [Note] InnoDB: Completed initialization of buffer pool
2025-06-01  6:51:41 0 [Note] InnoDB: Buffered log writes (block size=512 bytes)
2025-06-01  6:51:41 0 [Note] InnoDB: End of log at LSN=47763
2025-06-01  6:51:41 0 [Note] InnoDB: Opened 3 undo tablespaces
2025-06-01  6:51:41 0 [Note] InnoDB: 128 rollback segments in 3 undo tablespaces are active.
2025-06-01  6:51:41 0 [Note] InnoDB: Setting file './ibtmp1' size to 12.000MiB. Physically writing the file full; Please wait ...
2025-06-01  6:51:42 0 [Note] InnoDB: File './ibtmp1' size is now 12.000MiB.
2025-06-01  6:51:42 0 [Note] InnoDB: log sequence number 47763; transaction id 14
2025-06-01  6:51:42 0 [Note] Plugin 'FEEDBACK' is disabled.
2025-06-01  6:51:42 0 [Note] Plugin 'wsrep-provider' is disabled.
2025-06-01  6:51:42 0 [Note] InnoDB: Loading buffer pool(s) from /config/databases/ib_buffer_pool
2025-06-01  6:51:42 0 [Note] InnoDB: Buffer pool(s) load completed at 250601  6:51:42
2025-06-01  6:51:42 0 [Note] Server socket created on IP: '0.0.0.0'.
2025-06-01  6:51:42 0 [Note] Server socket created on IP: '::'.
2025-06-01  6:51:42 0 [Note] mariadbd: Event Scheduler: Loaded 0 events
2025-06-01  6:51:42 0 [Note] /usr/bin/mariadbd: ready for connections.
Version: '11.4.5-MariaDB-log'  socket: '/run/mysqld/mysqld.sock'  port: 3306  Alpine Linux
2025-06-01  6:51:43 5 [Warning] Aborted connection 5 to db: 'unconnected' user: 'unauthenticated' host: 'localhost' (This connection closed normally without authentication)
2025-06-01  6:51:43 7 [Warning] Access denied for user 'root'@'localhost' (using password: YES)
2025-06-01  6:51:44 4 [Warning] Aborted connection 4 to db: 'unconnected' user: 'unauthenticated' host: 'bookstack-1.bookstack_default' (This connection closed normally without authentication)
2025-06-01  6:51:54 8 [ERROR] InnoDB: Cannot rename './bookstack/joint_permissions.ibd' to './bookstack/#sql-ib70.ibd' because the source file does not exist.
2025-06-01  6:52:17 0 [Note] /usr/bin/mariadbd (initiated by: unknown): Normal shutdown
2025-06-01  6:52:17 0 [Note] InnoDB: FTS optimize thread exiting.
2025-06-01  6:52:17 0 [Note] InnoDB: Starting shutdown...
2025-06-01  6:52:17 0 [Note] InnoDB: Dumping buffer pool(s) to /config/databases/ib_buffer_pool
2025-06-01  6:52:17 0 [Note] InnoDB: Buffer pool(s) dump completed at 250601  6:52:17
2025-06-01  6:52:18 0 [Note] InnoDB: Removed temporary tablespace data file: "./ibtmp1"
2025-06-01  6:52:18 0 [Note] InnoDB: Shutdown completed; log sequence number 1014581; transaction id 2055
2025-06-01  6:52:18 0 [Note] /usr/bin/mariadbd: Shutdown complete
250601 06:52:18 mysqld_safe mysqld from pid file /run/mysqld/mysqld.pid ended
250601 06:52:23 mysqld_safe Starting mariadbd daemon with databases from /config/databases
2025-06-01  6:52:23 0 [Note] Starting MariaDB 11.4.5-MariaDB-log source revision 0771110266ff5c04216af4bf1243c65f8c67ccf4 server_uid ctTeCzAZzvDdc/ubHA0a6ly2ins= as process 4252025-06-01  6:52:23 0 [Warning] Setting lower_case_table_names=2 because file system for /config/databases/ is case insensitive

2025-06-01  6:52:23 0 [Note] InnoDB: Compressed tables use zlib 1.3.1
2025-06-01  6:52:23 0 [Note] InnoDB: Number of transaction pools: 1
2025-06-01  6:52:23 0 [Note] InnoDB: Using crc32 + pclmulqdq instructions
2025-06-01  6:52:23 0 [Note] mariadbd: O_TMPFILE is not supported on /tmp (disabling future attempts)
2025-06-01  6:52:23 0 [Note] InnoDB: Using Linux native AIO
2025-06-01  6:52:23 0 [Note] InnoDB: Initializing buffer pool, total size = 256.000MiB, chunk size = 4.000MiB
2025-06-01  6:52:23 0 [Note] InnoDB: Completed initialization of buffer pool
2025-06-01  6:52:23 0 [Note] InnoDB: Buffered log writes (block size=512 bytes)
2025-06-01  6:52:24 0 [Note] InnoDB: End of log at LSN=1014581
2025-06-01  6:52:24 0 [Note] InnoDB: Opened 3 undo tablespaces
2025-06-01  6:52:24 0 [Note] InnoDB: 128 rollback segments in 3 undo tablespaces are active.
2025-06-01  6:52:24 0 [Note] InnoDB: Setting file './ibtmp1' size to 12.000MiB. Physically writing the file full; Please wait ...
2025-06-01  6:52:24 0 [Note] InnoDB: File './ibtmp1' size is now 12.000MiB.
2025-06-01  6:52:24 0 [Note] InnoDB: log sequence number 1014581; transaction id 2056
2025-06-01  6:52:24 0 [Note] Plugin 'FEEDBACK' is disabled.
2025-06-01  6:52:24 0 [Note] Plugin 'wsrep-provider' is disabled.
2025-06-01  6:52:24 0 [Note] InnoDB: Loading buffer pool(s) from /config/databases/ib_buffer_pool
2025-06-01  6:52:24 0 [Note] InnoDB: Buffer pool(s) load completed at 250601  6:52:24
2025-06-01  6:52:24 0 [Note] Server socket created on IP: '0.0.0.0'.
2025-06-01  6:52:24 0 [Note] Server socket created on IP: '::'.
2025-06-01  6:52:24 0 [Note] mariadbd: Event Scheduler: Loaded 0 events
2025-06-01  6:52:24 0 [Note] /usr/bin/mariadbd: ready for connections.
Version: '11.4.5-MariaDB-log'  socket: '/run/mysqld/mysqld.sock'  port: 3306  Alpine Linux
